
> luxury-sdr-system@0.1.0 build
> next build --turbopack

   ▲ Next.js 15.5.12 (Turbopack)

   Creating an optimized production build ...
   Using tsconfig file: ./tsconfig.json
 ✓ Finished writing to disk in 67ms
 ✓ Compiled successfully in 2.7min
   Linting and checking validity of types ...

./lib/agents/enrichment-agent.ts
199:42  Warning: '_company' is defined but never used.  @typescript-eslint/no-unused-vars

./lib/agents/gaia-phone-agent.ts
82:40  Warning: '_recordingUrl' is defined but never used.  @typescript-eslint/no-unused-vars
216:23  Warning: '_call' is defined but never used.  @typescript-eslint/no-unused-vars

info  - Need to disable some ESLint rules? Learn more here: https://nextjs.org/docs/app/api-reference/config/eslint#disabling-rules
